#-----------------------------------------------------------
# Vivado v2024.1 (64-bit)
# SW Build 5076996 on Wed May 22 18:37:14 MDT 2024
# IP Build 5075265 on Wed May 22 21:45:21 MDT 2024
# SharedData Build 5076995 on Wed May 22 18:29:18 MDT 2024
# Start of session at: Thu Jul 16 06:47:52 2026
# Process ID: 7768
# Current directory: C:/Users/sankaran/Documents/lclPrj/AXI_5/AXI_5/axi_5.runs/synth_1
# Command line: vivado.exe -log axi_top.vds -product Vivado -mode batch -messageDb vivado.pb -notrace -source axi_top.tcl
# Log file: C:/Users/sankaran/Documents/lclPrj/AXI_5/AXI_5/axi_5.runs/synth_1/axi_top.vds
# Journal file: C:/Users/sankaran/Documents/lclPrj/AXI_5/AXI_5/axi_5.runs/synth_1\vivado.jou
# Running On        :soc-5CG5385D5G
# Platform          :Windows Server 2016 or Windows 10
# Operating System  :26200
# Processor Detail  :Intel(R) Core(TM) Ultra 7 265U
# CPU Frequency     :3379 MHz
# CPU Physical cores:12
# CPU Logical cores :14
# Host memory       :33751 MB
# Swap memory       :5100 MB
# Total Virtual     :38852 MB
# Available Virtual :20318 MB
#-----------------------------------------------------------
source axi_top.tcl -notrace
